#0 building with "desktop-linux" instance using docker driver

#1 [internal] load build definition from Dockerfile
#1 transferring dockerfile: 1.37kB done
#1 DONE 0.0s

#2 [internal] load metadata for docker.io/library/node:20-alpine
#2 DONE 0.4s

#3 [internal] load .dockerignore
#3 transferring context: 141B done
#3 DONE 0.0s

#4 [base 1/1] FROM docker.io/library/node:20-alpine@sha256:b88333c42c23fbd91596ebd7fd10de239cedab9617de04142dde7315e3bc0afa
#4 resolve docker.io/library/node:20-alpine@sha256:b88333c42c23fbd91596ebd7fd10de239cedab9617de04142dde7315e3bc0afa 0.0s done
#4 DONE 0.0s

#5 [internal] load build context
#5 transferring context: 3.15kB 0.0s done
#5 DONE 0.0s

#6 [deps 1/4] RUN apk add --no-cache libc6-compat
#6 CACHED

#7 [deps 2/4] WORKDIR /app
#7 CACHED

#8 [deps 3/4] COPY package.json package-lock.json* ./
#8 CACHED

#9 [deps 4/4] RUN npm ci
#9 CACHED

#10 [builder 1/4] WORKDIR /app
#10 CACHED

#11 [builder 2/4] COPY --from=deps /app/node_modules ./node_modules
#11 CACHED

#12 [builder 3/4] COPY . .
#12 DONE 0.0s

#13 [builder 4/4] RUN npm run build
#13 0.516 
#13 0.516 > idle-realms@0.1.0 build
#13 0.516 > next build
#13 0.516 
#13 1.047   Ôû▓ Next.js 14.2.35
#13 1.047 
#13 1.057    Creating an optimized production build ...
#13 9.654  Ô£ô Compiled successfully
#13 9.655    Linting and checking validity of types ...
#13 13.13 Failed to compile.
#13 13.13 
#13 13.13 ./scripts/balance.ts:33:5
#13 13.13 Type error: Property 'trainingStyle' is missing in type '{ active: true; zoneId: string; currentMonster: null; playerHp: number; playerHitCooldown: number; monsterHitCooldown: number; autoRestart: true; log: never[]; }' but required in type 'CombatState'.
#13 13.13 
#13 13.13   31 |     inventoryMax: 30,
#13 13.13   32 |     gold: 0,
#13 13.13 > 33 |     combat: {
#13 13.13      |     ^
#13 13.13   34 |       active: true,
#13 13.13   35 |       zoneId: 'z1_forest',
#13 13.13   36 |       currentMonster: null,
#13 13.15 Next.js build worker exited with code: 1 and signal: null
#13 13.16 npm notice
#13 13.16 npm notice New major version of npm available! 10.8.2 -> 11.12.0
#13 13.16 npm notice Changelog: https://github.com/npm/cli/releases/tag/v11.12.0
#13 13.16 npm notice To update run: npm install -g npm@11.12.0
#13 13.16 npm notice
#13 ERROR: process "/bin/sh -c npm run build" did not complete successfully: exit code: 1
------
 > [builder 4/4] RUN npm run build:
13.13      |     ^
13.13   34 |       active: true,
13.13   35 |       zoneId: 'z1_forest',
13.13   36 |       currentMonster: null,
13.15 Next.js build worker exited with code: 1 and signal: null
13.16 npm notice
13.16 npm notice New major version of npm available! 10.8.2 -> 11.12.0
13.16 npm notice Changelog: https://github.com/npm/cli/releases/tag/v11.12.0
13.16 npm notice To update run: npm install -g npm@11.12.0
13.16 npm notice
------

 1 warning found (use docker --debug to expand):
 - LegacyKeyValueFormat: "ENV key=value" should be used instead of legacy "ENV key value" format (line 21)
Dockerfile:23
--------------------
  21 |     ENV NEXT_TELEMETRY_DISABLED 1
  22 |     
  23 | >>> RUN npm run build
  24 |     
  25 |     # Production image, copy all the files and run next
--------------------
ERROR: failed to build: failed to solve: process "/bin/sh -c npm run build" did not complete successfully: exit code: 1
